CRITICAL - 2026-07-01 15:20:35 --> CodeIgniter\View\Exceptions\ViewException: Invalid file: "site/partials/header.inc"
[Method: GET, Route: /]
in SYSTEMPATH\Exceptions\FrameworkException.php on line 39.
 1 SYSTEMPATH\View\View.php(228): CodeIgniter\Exceptions\FrameworkException::forInvalidFile('site/partials/header.inc')
 2 SYSTEMPATH\Common.php(1254): CodeIgniter\View\View->render('site/partials/header.inc', [], true)
 3 APPPATH\Views\site\pages\home.php(1): view('site/partials/header.inc', [...])
 4 SYSTEMPATH\View\View.php(240): include('C:\\xampp\\htdocs\\pj\\safe-credit-score\\app\\Views\\site\\pages\\home.php')
 5 SYSTEMPATH\View\View.php(243): CodeIgniter\View\View->CodeIgniter\View\{closure}()
 6 SYSTEMPATH\Common.php(1254): CodeIgniter\View\View->render('site/pages/home', [], true)
 7 APPPATH\Controllers\Site.php(64): view('site/pages/home', [...])
 8 APPPATH\Controllers\Site.php(9): App\Controllers\Site->renderPage('home', '', [...])
 9 SYSTEMPATH\CodeIgniter.php(974): App\Controllers\Site->home()
10 SYSTEMPATH\CodeIgniter.php(520): CodeIgniter\CodeIgniter->runController(Object(App\Controllers\Site))
11 SYSTEMPATH\CodeIgniter.php(363): CodeIgniter\CodeIgniter->handleRequest(null, Object(Config\Cache), false)
12 SYSTEMPATH\Boot.php(417): CodeIgniter\CodeIgniter->run()
13 SYSTEMPATH\Boot.php(68): CodeIgniter\Boot::runCodeIgniter(Object(CodeIgniter\CodeIgniter))
14 FCPATH\index.php(59): CodeIgniter\Boot::bootWeb(Object(Config\Paths))
15 SYSTEMPATH\rewrite.php(44): require_once('C:\\xampp\\htdocs\\pj\\safe-credit-score\\public\\index.php')
CRITICAL - 2026-07-01 15:20:36 --> CodeIgniter\View\Exceptions\ViewException: Invalid file: "site/partials/header.inc"
[Method: GET, Route: contact-us]
in SYSTEMPATH\Exceptions\FrameworkException.php on line 39.
 1 SYSTEMPATH\View\View.php(228): CodeIgniter\Exceptions\FrameworkException::forInvalidFile('site/partials/header.inc')
 2 SYSTEMPATH\Common.php(1254): CodeIgniter\View\View->render('site/partials/header.inc', [], true)
 3 APPPATH\Views\site\pages\contact.php(1): view('site/partials/header.inc', [...])
 4 SYSTEMPATH\View\View.php(240): include('C:\\xampp\\htdocs\\pj\\safe-credit-score\\app\\Views\\site\\pages\\contact.php')
 5 SYSTEMPATH\View\View.php(243): CodeIgniter\View\View->CodeIgniter\View\{closure}()
 6 SYSTEMPATH\Common.php(1254): CodeIgniter\View\View->render('site/pages/contact', [], true)
 7 APPPATH\Controllers\Site.php(64): view('site/pages/contact', [...])
 8 APPPATH\Controllers\Site.php(17): App\Controllers\Site->renderPage('contact', '', [...])
 9 SYSTEMPATH\CodeIgniter.php(974): App\Controllers\Site->contact()
10 SYSTEMPATH\CodeIgniter.php(520): CodeIgniter\CodeIgniter->runController(Object(App\Controllers\Site))
11 SYSTEMPATH\CodeIgniter.php(363): CodeIgniter\CodeIgniter->handleRequest(null, Object(Config\Cache), false)
12 SYSTEMPATH\Boot.php(417): CodeIgniter\CodeIgniter->run()
13 SYSTEMPATH\Boot.php(68): CodeIgniter\Boot::runCodeIgniter(Object(CodeIgniter\CodeIgniter))
14 FCPATH\index.php(59): CodeIgniter\Boot::bootWeb(Object(Config\Paths))
15 SYSTEMPATH\rewrite.php(44): require_once('C:\\xampp\\htdocs\\pj\\safe-credit-score\\public\\index.php')
CRITICAL - 2026-07-01 15:20:36 --> CodeIgniter\View\Exceptions\ViewException: Invalid file: "site/partials/header.inc"
[Method: GET, Route: credit-faq]
in SYSTEMPATH\Exceptions\FrameworkException.php on line 39.
 1 SYSTEMPATH\View\View.php(228): CodeIgniter\Exceptions\FrameworkException::forInvalidFile('site/partials/header.inc')
 2 SYSTEMPATH\Common.php(1254): CodeIgniter\View\View->render('site/partials/header.inc', [], true)
 3 APPPATH\Views\site\pages\credit_faq.php(1): view('site/partials/header.inc', [...])
 4 SYSTEMPATH\View\View.php(240): include('C:\\xampp\\htdocs\\pj\\safe-credit-score\\app\\Views\\site\\pages\\credit_faq.php')
 5 SYSTEMPATH\View\View.php(243): CodeIgniter\View\View->CodeIgniter\View\{closure}()
 6 SYSTEMPATH\Common.php(1254): CodeIgniter\View\View->render('site/pages/credit_faq', [], true)
 7 APPPATH\Controllers\Site.php(64): view('site/pages/credit_faq', [...])
 8 APPPATH\Controllers\Site.php(25): App\Controllers\Site->renderPage('credit_faq', '', [...])
 9 SYSTEMPATH\CodeIgniter.php(974): App\Controllers\Site->creditFaq()
10 SYSTEMPATH\CodeIgniter.php(520): CodeIgniter\CodeIgniter->runController(Object(App\Controllers\Site))
11 SYSTEMPATH\CodeIgniter.php(363): CodeIgniter\CodeIgniter->handleRequest(null, Object(Config\Cache), false)
12 SYSTEMPATH\Boot.php(417): CodeIgniter\CodeIgniter->run()
13 SYSTEMPATH\Boot.php(68): CodeIgniter\Boot::runCodeIgniter(Object(CodeIgniter\CodeIgniter))
14 FCPATH\index.php(59): CodeIgniter\Boot::bootWeb(Object(Config\Paths))
15 SYSTEMPATH\rewrite.php(44): require_once('C:\\xampp\\htdocs\\pj\\safe-credit-score\\public\\index.php')
CRITICAL - 2026-07-01 15:20:39 --> CodeIgniter\View\Exceptions\ViewException: Invalid file: "site/partials/header.inc"
[Method: GET, Route: member-faq]
in SYSTEMPATH\Exceptions\FrameworkException.php on line 39.
 1 SYSTEMPATH\View\View.php(228): CodeIgniter\Exceptions\FrameworkException::forInvalidFile('site/partials/header.inc')
 2 SYSTEMPATH\Common.php(1254): CodeIgniter\View\View->render('site/partials/header.inc', [], true)
 3 APPPATH\Views\site\pages\member_faq.php(1): view('site/partials/header.inc', [...])
 4 SYSTEMPATH\View\View.php(240): include('C:\\xampp\\htdocs\\pj\\safe-credit-score\\app\\Views\\site\\pages\\member_faq.php')
 5 SYSTEMPATH\View\View.php(243): CodeIgniter\View\View->CodeIgniter\View\{closure}()
 6 SYSTEMPATH\Common.php(1254): CodeIgniter\View\View->render('site/pages/member_faq', [], true)
 7 APPPATH\Controllers\Site.php(64): view('site/pages/member_faq', [...])
 8 APPPATH\Controllers\Site.php(33): App\Controllers\Site->renderPage('member_faq', '', [...])
 9 SYSTEMPATH\CodeIgniter.php(974): App\Controllers\Site->memberFaq()
10 SYSTEMPATH\CodeIgniter.php(520): CodeIgniter\CodeIgniter->runController(Object(App\Controllers\Site))
11 SYSTEMPATH\CodeIgniter.php(363): CodeIgniter\CodeIgniter->handleRequest(null, Object(Config\Cache), false)
12 SYSTEMPATH\Boot.php(417): CodeIgniter\CodeIgniter->run()
13 SYSTEMPATH\Boot.php(68): CodeIgniter\Boot::runCodeIgniter(Object(CodeIgniter\CodeIgniter))
14 FCPATH\index.php(59): CodeIgniter\Boot::bootWeb(Object(Config\Paths))
15 SYSTEMPATH\rewrite.php(44): require_once('C:\\xampp\\htdocs\\pj\\safe-credit-score\\public\\index.php')
CRITICAL - 2026-07-01 15:20:43 --> CodeIgniter\View\Exceptions\ViewException: Invalid file: "site/partials/header.inc"
[Method: GET, Route: privacy-policy]
in SYSTEMPATH\Exceptions\FrameworkException.php on line 39.
 1 SYSTEMPATH\View\View.php(228): CodeIgniter\Exceptions\FrameworkException::forInvalidFile('site/partials/header.inc')
 2 SYSTEMPATH\Common.php(1254): CodeIgniter\View\View->render('site/partials/header.inc', [], true)
 3 APPPATH\Views\site\pages\privacy_policy.php(1): view('site/partials/header.inc', [...])
 4 SYSTEMPATH\View\View.php(240): include('C:\\xampp\\htdocs\\pj\\safe-credit-score\\app\\Views\\site\\pages\\privacy_policy.php')
 5 SYSTEMPATH\View\View.php(243): CodeIgniter\View\View->CodeIgniter\View\{closure}()
 6 SYSTEMPATH\Common.php(1254): CodeIgniter\View\View->render('site/pages/privacy_policy', [], true)
 7 APPPATH\Controllers\Site.php(64): view('site/pages/privacy_policy', [...])
 8 APPPATH\Controllers\Site.php(41): App\Controllers\Site->renderPage('privacy_policy', '', [...])
 9 SYSTEMPATH\CodeIgniter.php(974): App\Controllers\Site->privacyPolicy()
10 SYSTEMPATH\CodeIgniter.php(520): CodeIgniter\CodeIgniter->runController(Object(App\Controllers\Site))
11 SYSTEMPATH\CodeIgniter.php(363): CodeIgniter\CodeIgniter->handleRequest(null, Object(Config\Cache), false)
12 SYSTEMPATH\Boot.php(417): CodeIgniter\CodeIgniter->run()
13 SYSTEMPATH\Boot.php(68): CodeIgniter\Boot::runCodeIgniter(Object(CodeIgniter\CodeIgniter))
14 FCPATH\index.php(59): CodeIgniter\Boot::bootWeb(Object(Config\Paths))
15 SYSTEMPATH\rewrite.php(44): require_once('C:\\xampp\\htdocs\\pj\\safe-credit-score\\public\\index.php')
CRITICAL - 2026-07-01 15:20:48 --> CodeIgniter\View\Exceptions\ViewException: Invalid file: "site/partials/header.inc"
[Method: GET, Route: terms-of-service]
in SYSTEMPATH\Exceptions\FrameworkException.php on line 39.
 1 SYSTEMPATH\View\View.php(228): CodeIgniter\Exceptions\FrameworkException::forInvalidFile('site/partials/header.inc')
 2 SYSTEMPATH\Common.php(1254): CodeIgniter\View\View->render('site/partials/header.inc', [], true)
 3 APPPATH\Views\site\pages\terms_of_service.php(1): view('site/partials/header.inc', [...])
 4 SYSTEMPATH\View\View.php(240): include('C:\\xampp\\htdocs\\pj\\safe-credit-score\\app\\Views\\site\\pages\\terms_of_service.php')
 5 SYSTEMPATH\View\View.php(243): CodeIgniter\View\View->CodeIgniter\View\{closure}()
 6 SYSTEMPATH\Common.php(1254): CodeIgniter\View\View->render('site/pages/terms_of_service', [], true)
 7 APPPATH\Controllers\Site.php(64): view('site/pages/terms_of_service', [...])
 8 APPPATH\Controllers\Site.php(48): App\Controllers\Site->renderPage('terms_of_service', '', [...])
 9 SYSTEMPATH\CodeIgniter.php(974): App\Controllers\Site->termsOfService()
10 SYSTEMPATH\CodeIgniter.php(520): CodeIgniter\CodeIgniter->runController(Object(App\Controllers\Site))
11 SYSTEMPATH\CodeIgniter.php(363): CodeIgniter\CodeIgniter->handleRequest(null, Object(Config\Cache), false)
12 SYSTEMPATH\Boot.php(417): CodeIgniter\CodeIgniter->run()
13 SYSTEMPATH\Boot.php(68): CodeIgniter\Boot::runCodeIgniter(Object(CodeIgniter\CodeIgniter))
14 FCPATH\index.php(59): CodeIgniter\Boot::bootWeb(Object(Config\Paths))
15 SYSTEMPATH\rewrite.php(44): require_once('C:\\xampp\\htdocs\\pj\\safe-credit-score\\public\\index.php')
CRITICAL - 2026-07-01 15:20:52 --> CodeIgniter\View\Exceptions\ViewException: Invalid file: "site/partials/header.inc"
[Method: GET, Route: es]
in SYSTEMPATH\Exceptions\FrameworkException.php on line 39.
 1 SYSTEMPATH\View\View.php(228): CodeIgniter\Exceptions\FrameworkException::forInvalidFile('site/partials/header.inc')
 2 SYSTEMPATH\Common.php(1254): CodeIgniter\View\View->render('site/partials/header.inc', [], true)
 3 APPPATH\Views\site\pages\home.php(1): view('site/partials/header.inc', [...])
 4 SYSTEMPATH\View\View.php(240): include('C:\\xampp\\htdocs\\pj\\safe-credit-score\\app\\Views\\site\\pages\\home.php')
 5 SYSTEMPATH\View\View.php(243): CodeIgniter\View\View->CodeIgniter\View\{closure}()
 6 SYSTEMPATH\Common.php(1254): CodeIgniter\View\View->render('site/pages/home', [], true)
 7 APPPATH\Controllers\Site.php(64): view('site/pages/home', [...])
 8 APPPATH\Controllers\Site.php(9): App\Controllers\Site->renderPage('home', 'es', [...])
 9 SYSTEMPATH\CodeIgniter.php(974): App\Controllers\Site->home('es')
10 SYSTEMPATH\CodeIgniter.php(520): CodeIgniter\CodeIgniter->runController(Object(App\Controllers\Site))
11 SYSTEMPATH\CodeIgniter.php(363): CodeIgniter\CodeIgniter->handleRequest(null, Object(Config\Cache), false)
12 SYSTEMPATH\Boot.php(417): CodeIgniter\CodeIgniter->run()
13 SYSTEMPATH\Boot.php(68): CodeIgniter\Boot::runCodeIgniter(Object(CodeIgniter\CodeIgniter))
14 FCPATH\index.php(59): CodeIgniter\Boot::bootWeb(Object(Config\Paths))
15 SYSTEMPATH\rewrite.php(44): require_once('C:\\xampp\\htdocs\\pj\\safe-credit-score\\public\\index.php')
CRITICAL - 2026-07-01 15:20:56 --> CodeIgniter\View\Exceptions\ViewException: Invalid file: "site/partials/header.inc"
[Method: GET, Route: es/informacion-de-contacto]
in SYSTEMPATH\Exceptions\FrameworkException.php on line 39.
 1 SYSTEMPATH\View\View.php(228): CodeIgniter\Exceptions\FrameworkException::forInvalidFile('site/partials/header.inc')
 2 SYSTEMPATH\Common.php(1254): CodeIgniter\View\View->render('site/partials/header.inc', [], true)
 3 APPPATH\Views\site\pages\contact.php(1): view('site/partials/header.inc', [...])
 4 SYSTEMPATH\View\View.php(240): include('C:\\xampp\\htdocs\\pj\\safe-credit-score\\app\\Views\\site\\pages\\contact.php')
 5 SYSTEMPATH\View\View.php(243): CodeIgniter\View\View->CodeIgniter\View\{closure}()
 6 SYSTEMPATH\Common.php(1254): CodeIgniter\View\View->render('site/pages/contact', [], true)
 7 APPPATH\Controllers\Site.php(64): view('site/pages/contact', [...])
 8 APPPATH\Controllers\Site.php(17): App\Controllers\Site->renderPage('contact', 'es', [...])
 9 SYSTEMPATH\CodeIgniter.php(974): App\Controllers\Site->contact('es')
10 SYSTEMPATH\CodeIgniter.php(520): CodeIgniter\CodeIgniter->runController(Object(App\Controllers\Site))
11 SYSTEMPATH\CodeIgniter.php(363): CodeIgniter\CodeIgniter->handleRequest(null, Object(Config\Cache), false)
12 SYSTEMPATH\Boot.php(417): CodeIgniter\CodeIgniter->run()
13 SYSTEMPATH\Boot.php(68): CodeIgniter\Boot::runCodeIgniter(Object(CodeIgniter\CodeIgniter))
14 FCPATH\index.php(59): CodeIgniter\Boot::bootWeb(Object(Config\Paths))
15 SYSTEMPATH\rewrite.php(44): require_once('C:\\xampp\\htdocs\\pj\\safe-credit-score\\public\\index.php')
CRITICAL - 2026-07-01 15:20:59 --> CodeIgniter\View\Exceptions\ViewException: Invalid file: "site/partials/header.inc"
[Method: GET, Route: es/faq-credito]
in SYSTEMPATH\Exceptions\FrameworkException.php on line 39.
 1 SYSTEMPATH\View\View.php(228): CodeIgniter\Exceptions\FrameworkException::forInvalidFile('site/partials/header.inc')
 2 SYSTEMPATH\Common.php(1254): CodeIgniter\View\View->render('site/partials/header.inc', [], true)
 3 APPPATH\Views\site\pages\credit_faq.php(1): view('site/partials/header.inc', [...])
 4 SYSTEMPATH\View\View.php(240): include('C:\\xampp\\htdocs\\pj\\safe-credit-score\\app\\Views\\site\\pages\\credit_faq.php')
 5 SYSTEMPATH\View\View.php(243): CodeIgniter\View\View->CodeIgniter\View\{closure}()
 6 SYSTEMPATH\Common.php(1254): CodeIgniter\View\View->render('site/pages/credit_faq', [], true)
 7 APPPATH\Controllers\Site.php(64): view('site/pages/credit_faq', [...])
 8 APPPATH\Controllers\Site.php(25): App\Controllers\Site->renderPage('credit_faq', 'es', [...])
 9 SYSTEMPATH\CodeIgniter.php(974): App\Controllers\Site->creditFaq('es')
10 SYSTEMPATH\CodeIgniter.php(520): CodeIgniter\CodeIgniter->runController(Object(App\Controllers\Site))
11 SYSTEMPATH\CodeIgniter.php(363): CodeIgniter\CodeIgniter->handleRequest(null, Object(Config\Cache), false)
12 SYSTEMPATH\Boot.php(417): CodeIgniter\CodeIgniter->run()
13 SYSTEMPATH\Boot.php(68): CodeIgniter\Boot::runCodeIgniter(Object(CodeIgniter\CodeIgniter))
14 FCPATH\index.php(59): CodeIgniter\Boot::bootWeb(Object(Config\Paths))
15 SYSTEMPATH\rewrite.php(44): require_once('C:\\xampp\\htdocs\\pj\\safe-credit-score\\public\\index.php')
CRITICAL - 2026-07-01 15:21:00 --> CodeIgniter\View\Exceptions\ViewException: Invalid file: "site/partials/header.inc"
[Method: GET, Route: es/faq-miembros]
in SYSTEMPATH\Exceptions\FrameworkException.php on line 39.
 1 SYSTEMPATH\View\View.php(228): CodeIgniter\Exceptions\FrameworkException::forInvalidFile('site/partials/header.inc')
 2 SYSTEMPATH\Common.php(1254): CodeIgniter\View\View->render('site/partials/header.inc', [], true)
 3 APPPATH\Views\site\pages\member_faq.php(1): view('site/partials/header.inc', [...])
 4 SYSTEMPATH\View\View.php(240): include('C:\\xampp\\htdocs\\pj\\safe-credit-score\\app\\Views\\site\\pages\\member_faq.php')
 5 SYSTEMPATH\View\View.php(243): CodeIgniter\View\View->CodeIgniter\View\{closure}()
 6 SYSTEMPATH\Common.php(1254): CodeIgniter\View\View->render('site/pages/member_faq', [], true)
 7 APPPATH\Controllers\Site.php(64): view('site/pages/member_faq', [...])
 8 APPPATH\Controllers\Site.php(33): App\Controllers\Site->renderPage('member_faq', 'es', [...])
 9 SYSTEMPATH\CodeIgniter.php(974): App\Controllers\Site->memberFaq('es')
10 SYSTEMPATH\CodeIgniter.php(520): CodeIgniter\CodeIgniter->runController(Object(App\Controllers\Site))
11 SYSTEMPATH\CodeIgniter.php(363): CodeIgniter\CodeIgniter->handleRequest(null, Object(Config\Cache), false)
12 SYSTEMPATH\Boot.php(417): CodeIgniter\CodeIgniter->run()
13 SYSTEMPATH\Boot.php(68): CodeIgniter\Boot::runCodeIgniter(Object(CodeIgniter\CodeIgniter))
14 FCPATH\index.php(59): CodeIgniter\Boot::bootWeb(Object(Config\Paths))
15 SYSTEMPATH\rewrite.php(44): require_once('C:\\xampp\\htdocs\\pj\\safe-credit-score\\public\\index.php')
ERROR - 2026-07-01 17:31:02 --> No se pudo renovar el userToken: cURL request error: SSL certificate problem: unable to get local issuer certificate
ERROR - 2026-07-01 17:31:03 --> No se pudo renovar el userToken: cURL request error: SSL certificate problem: unable to get local issuer certificate
ERROR - 2026-07-01 20:14:59 --> No se pudo renovar el userToken: cURL request error: SSL certificate problem: unable to get local issuer certificate
ERROR - 2026-07-01 20:52:53 --> No se pudo renovar el userToken: cURL request error: SSL certificate problem: unable to get local issuer certificate
